[INFO] Scanning for projects...
[INFO] 
[INFO] -------------------------< com.example:QLBDS >--------------------------
[INFO] Building  0.0.1-SNAPSHOT
[INFO]   from pom.xml
[INFO] --------------------------------[ jar ]---------------------------------
[INFO] 
[INFO] --- clean:3.5.0:clean (default-clean) @ QLBDS ---
[INFO] Deleting C:\File_Hoc\KhoaHoc\DKCDKinhNghiem\Code\qlbds\target
[INFO] 
[INFO] --- resources:3.3.1:resources (default-resources) @ QLBDS ---
[INFO] Copying 1 resource from src\main\resources to target\classes
[INFO] Copying 2 resources from src\main\resources to target\classes
[INFO] 
[INFO] --- compiler:3.14.1:compile (default-compile) @ QLBDS ---
[INFO] Recompiling the module because of changed source code.
[INFO] Compiling 20 source files with javac [debug parameters release 21] to target\classes
[INFO] 
[INFO] --- resources:3.3.1:testResources (default-testResources) @ QLBDS ---
[INFO] skip non existing resourceDirectory C:\File_Hoc\KhoaHoc\DKCDKinhNghiem\Code\qlbds\src\test\resources
[INFO] 
[INFO] --- compiler:3.14.1:testCompile (default-testCompile) @ QLBDS ---
[INFO] Recompiling the module because of changed dependency.
[INFO] Compiling 1 source file with javac [debug parameters release 21] to target\test-classes
[INFO] 
[INFO] --- surefire:3.5.5:test (default-test) @ QLBDS ---
[INFO] Using auto detected provider org.apache.maven.surefire.junitplatform.JUnitPlatformProvider
[INFO] 
[INFO] -------------------------------------------------------
[INFO]  T E S T S
[INFO] -------------------------------------------------------
[INFO] Running com.example.qlbds.QlbdsApplicationTests
01:50:31.963 [main] INFO org.springframework.test.context.support.AnnotationConfigContextLoaderUtils -- Could not detect default configuration classes for test class [com.example.qlbds.QlbdsApplicationTests]: QlbdsApplicationTests does not declare any static, non-private, non-final, nested classes annotated with @Configuration.
01:50:32.054 [main] INFO org.springframework.boot.test.context.SpringBootTestContextBootstrapper -- Found @SpringBootConfiguration com.example.qlbds.QlbdsApplication for test class com.example.qlbds.QlbdsApplicationTests
01:50:32.125 [main] INFO org.springframework.test.context.support.AnnotationConfigContextLoaderUtils -- Could not detect default configuration classes for test class [com.example.qlbds.QlbdsApplicationTests]: QlbdsApplicationTests does not declare any static, non-private, non-final, nested classes annotated with @Configuration.
01:50:32.126 [main] INFO org.springframework.boot.test.context.SpringBootTestContextBootstrapper -- Found @SpringBootConfiguration com.example.qlbds.QlbdsApplication for test class com.example.qlbds.QlbdsApplicationTests

  .   ____          _            __ _ _
 /\\ / ___'_ __ _ _(_)_ __  __ _ \ \ \ \
( ( )\___ | '_ | '_| | '_ \/ _` | \ \ \ \
 \\/  ___)| |_)| | | | | || (_| |  ) ) ) )
  '  |____| .__|_| |_|_| |_\__, | / / / /
 =========|_|==============|___/=/_/_/_/

 :: Spring Boot ::                (v4.0.6)

2026-04-26T01:50:32.457+07:00  INFO 29164 --- [QLBDS] [           main] c.example.qlbds.QlbdsApplicationTests    : Starting QlbdsApplicationTests using Java 21.0.9 with PID 29164 (started by hoang in C:\File_Hoc\KhoaHoc\DKCDKinhNghiem\Code\qlbds)
2026-04-26T01:50:32.459+07:00  INFO 29164 --- [QLBDS] [           main] c.example.qlbds.QlbdsApplicationTests    : No active profile set, falling back to 1 default profile: "default"
2026-04-26T01:50:33.496+07:00  INFO 29164 --- [QLBDS] [           main] .s.d.r.c.RepositoryConfigurationDelegate : Bootstrapping Spring Data JPA repositories in DEFAULT mode.
2026-04-26T01:50:33.574+07:00  INFO 29164 --- [QLBDS] [           main] .s.d.r.c.RepositoryConfigurationDelegate : Finished Spring Data repository scanning in 67 ms. Found 1 JPA repository interface.
2026-04-26T01:50:34.445+07:00  INFO 29164 --- [QLBDS] [           main] com.zaxxer.hikari.HikariDataSource       : HikariPool-1 - Starting...
2026-04-26T01:50:34.634+07:00  INFO 29164 --- [QLBDS] [           main] com.zaxxer.hikari.pool.HikariPool        : HikariPool-1 - Added connection org.postgresql.jdbc.PgConnection@77bb916f
2026-04-26T01:50:34.635+07:00  INFO 29164 --- [QLBDS] [           main] com.zaxxer.hikari.HikariDataSource       : HikariPool-1 - Start completed.
2026-04-26T01:50:34.661+07:00  INFO 29164 --- [QLBDS] [           main] org.flywaydb.core.FlywayExecutor         : Database: jdbc:postgresql://localhost:5432/bds_db (PostgreSQL 18.3)
2026-04-26T01:50:34.717+07:00  INFO 29164 --- [QLBDS] [           main] o.f.core.internal.command.DbValidate     : Successfully validated 2 migrations (execution time 00:00.033s)
2026-04-26T01:50:34.771+07:00  INFO 29164 --- [QLBDS] [           main] o.f.core.internal.command.DbMigrate      : Current version of schema "public": 2
2026-04-26T01:50:34.778+07:00  INFO 29164 --- [QLBDS] [           main] o.f.core.internal.command.DbMigrate      : Schema "public" is up to date. No migration necessary.
2026-04-26T01:50:34.922+07:00  INFO 29164 --- [QLBDS] [           main] org.hibernate.orm.jpa                    : HHH008540: Processing PersistenceUnitInfo [name: default]
2026-04-26T01:50:34.967+07:00  INFO 29164 --- [QLBDS] [           main] org.hibernate.orm.core                   : HHH000001: Hibernate ORM core version 7.2.12.Final
2026-04-26T01:50:35.350+07:00  INFO 29164 --- [QLBDS] [           main] o.s.o.j.p.SpringPersistenceUnitInfo      : No LoadTimeWeaver setup: ignoring JPA class transformer
2026-04-26T01:50:35.435+07:00  INFO 29164 --- [QLBDS] [           main] org.hibernate.orm.connections.pooling    : HHH10001005: Database info:
	Database JDBC URL [jdbc:postgresql://localhost:5432/bds_db]
	Database driver: PostgreSQL JDBC Driver
	Database dialect: PostgreSQLDialect
	Database version: 18.3
	Default catalog/schema: bds_db/public
	Autocommit mode: undefined/unknown
	Isolation level: READ_COMMITTED [default READ_COMMITTED]
	JDBC fetch size: none
	Pool: DataSourceConnectionProvider
	Minimum pool size: undefined/unknown
	Maximum pool size: undefined/unknown
2026-04-26T01:50:36.549+07:00  INFO 29164 --- [QLBDS] [           main] org.hibernate.orm.core                   : HHH000489: No JTA platform available (set 'hibernate.transaction.jta.platform' to enable JTA platform integration)
2026-04-26T01:50:36.556+07:00  INFO 29164 --- [QLBDS] [           main] j.LocalContainerEntityManagerFactoryBean : Initialized JPA EntityManagerFactory for persistence unit 'default'
2026-04-26T01:50:36.701+07:00  INFO 29164 --- [QLBDS] [           main] o.s.d.j.r.query.QueryEnhancerFactories   : Hibernate is in classpath; If applicable, HQL parser will be used.
